// Jest Snapshot v1, https://goo.gl/fbAQLP

exports[`GitHubAssignApprover creates workflow with correct configuration 1`] = `
"# ~~ Generated by projen. To modify, edit .projenrc.js and run "npx projen".

name: assign-approver
on:
  pull_request_target:
    types:
      - opened
      - ready_for_review
jobs:
  assign-approver:
    runs-on: ubuntu-latest
    permissions:
      pull-requests: write
    steps:
      - name: Assign approver based on author
        uses: actions/github-script@v7
        with:
          script: |-
            const author = context.payload.pull_request.user.login;

            // Define approver mapping
            const approverMapping = {
              'user1': ['user2', 'user3'],
              'user2': ['user1', 'user3'],
              'default': ['admin1', 'admin2'] // Default approver(s) if author not in mapping
            };

            // Get approvers for the PR author
            const approvers = approverMapping[author] || approverMapping['default'];

            // Filter out the author from approvers list (can't approve own PR)
            const filteredApprovers = approvers.filter(approver => approver !== author);

            if (filteredApprovers.length > 0) {
              // Request reviews from the approvers
              await github.rest.pulls.requestReviewers({
                owner: context.repo.owner,
                repo: context.repo.repo,
                pull_number: context.issue.number,
                reviewers: filteredApprovers
              });
              
              console.log(\`Assigned reviewers: \${filteredApprovers.join(', ')}\`);
            } else {
              console.log('No eligible reviewers found for this PR author');
            }
"
`;
