// Jest Snapshot v1, https://goo.gl/fbAQLP

exports[`CodeCatalyst snapshot 1`] = `
"# ~~ Generated by projen. To modify, edit .projenrc.js and run "npx projen".

Name: deploy
SchemaVersion: "1.0"
Triggers:
  - Type: PUSH
    Branches:
      - main
Actions:
  SynthCDKApplication:
    Identifier: aws/build@v1
    Inputs:
      Sources:
        - WorkflowSource
      Variables:
        - Name: CI
          Value: "true"
    Outputs:
      AutoDiscoverReports:
        Enabled: false
    Configuration:
      Steps:
        - Run: npx projen install:ci
        - Run: npx projen build
  PublishAssetsToAWS:
    Identifier: aws/build@v1
    Inputs:
      Sources:
        - WorkflowSource
      Variables:
        - Name: CI
          Value: "true"
    Outputs:
      AutoDiscoverReports:
        Enabled: false
    Configuration:
      Steps:
        - Run: npx projen publish:assets
    DependsOn:
      - SynthCDKApplication
  deploy_dev:
    Identifier: aws/build@v1
    Inputs:
      Sources:
        - WorkflowSource
      Variables:
        - Name: CI
          Value: "true"
    Outputs:
      AutoDiscoverReports:
        Enabled: false
    Configuration:
      Steps:
        - Run: npx projen install:ci
        - Run: npx projen deploy:dev
    DependsOn:
      - PublishAssetsToAWS
  approve_prod:
    Identifier: aws/approval@v1
    dependsOn:
      - deploy_dev
    Configuration:
      ApprovalsRequired: 1
  deploy_prod:
    Identifier: aws/build@v1
    Inputs:
      Sources:
        - WorkflowSource
      Variables:
        - Name: CI
          Value: "true"
    Outputs:
      AutoDiscoverReports:
        Enabled: false
    Configuration:
      Steps:
        - Run: npx projen install:ci
        - Run: npx projen deploy:prod
    DependsOn:
      - PublishAssetsToAWS
      - approve_prod
"
`;

exports[`CodeCatalyst snapshot 2`] = `undefined`;

exports[`CodeCatalyst snapshot 3`] = `
{
  "//": "~~ Generated by projen. To modify, edit .projenrc.js and run "npx projen".",
  "dependencies": {
    "aws-cdk-lib": "^2.102.0",
    "constructs": "^10.0.5",
  },
  "devDependencies": {
    "@types/jest": "*",
    "@types/node": "^18",
    "@types/standard-version": "*",
    "@typescript-eslint/eslint-plugin": "^7",
    "@typescript-eslint/parser": "^7",
    "aws-cdk": "^2.102.0",
    "cdk-assets": "*",
    "esbuild": "*",
    "eslint": "^8",
    "eslint-import-resolver-typescript": "*",
    "eslint-plugin-import": "*",
    "jest": "*",
    "jest-junit": "^15",
    "projen": "*",
    "standard-version": "*",
    "ts-jest": "*",
    "ts-node": "*",
    "typescript": "*",
  },
  "jest": {
    "clearMocks": true,
    "collectCoverage": true,
    "coverageDirectory": "coverage",
    "coveragePathIgnorePatterns": [
      "/node_modules/",
    ],
    "coverageProvider": "v8",
    "coverageReporters": [
      "json",
      "lcov",
      "clover",
      "cobertura",
      "text",
    ],
    "reporters": [
      "default",
      [
        "jest-junit",
        {
          "outputDirectory": "test-reports",
        },
      ],
    ],
    "testMatch": [
      "<rootDir>/@(src|test)/**/*(*.)@(spec|test).ts?(x)",
      "<rootDir>/@(src|test)/**/__tests__/**/*.ts?(x)",
    ],
    "testPathIgnorePatterns": [
      "/node_modules/",
    ],
    "transform": {
      "^.+\\.[t]sx?$": [
        "ts-jest",
        {
          "tsconfig": "tsconfig.dev.json",
        },
      ],
    },
    "watchPathIgnorePatterns": [
      "/node_modules/",
    ],
  },
  "license": "Apache-2.0",
  "name": "testapp",
  "publishConfig": {
    "access": "public",
  },
  "scripts": {
    "build": "npx projen build",
    "bump": "npx projen bump",
    "bundle": "npx projen bundle",
    "clobber": "npx projen clobber",
    "compile": "npx projen compile",
    "default": "npx projen default",
    "deploy:dev": "npx projen deploy:dev",
    "deploy:prod": "npx projen deploy:prod",
    "diff:dev": "npx projen diff:dev",
    "diff:prod": "npx projen diff:prod",
    "eject": "npx projen eject",
    "eslint": "npx projen eslint",
    "package": "npx projen package",
    "post-compile": "npx projen post-compile",
    "post-upgrade": "npx projen post-upgrade",
    "pre-compile": "npx projen pre-compile",
    "projen": "npx projen",
    "publish:assets": "npx projen publish:assets",
    "publish:assets:dev": "npx projen publish:assets:dev",
    "publish:assets:prod": "npx projen publish:assets:prod",
    "release:push-assembly": "npx projen release:push-assembly",
    "synth": "npx projen synth",
    "synth:silent": "npx projen synth:silent",
    "test": "npx projen test",
    "test:watch": "npx projen test:watch",
    "upgrade": "npx projen upgrade",
  },
  "version": "0.0.0",
}
`;
